OK: /mnt/data/Acoustic_Analysis_Results_2026-08-18/00_full_2048_frame_wav/E01after_tanto-tanto_20160401_caro-mio-ben_01_mono.wav | median H1-H2 = 7.350284 dB | valid frames = 58/58
OK: /mnt/data/Acoustic_Analysis_Results_2026-08-18/00_full_2048_frame_wav/E01before_tanto-tanto_20141001_02_mono.wav | median H1-H2 = 2.704680 dB | valid frames = 39/39
OK: /mnt/data/Acoustic_Analysis_Results_2026-08-18/00_full_2048_frame_wav/E02after_20160401_tanto-tanto_01_44100_mono.wav | median H1-H2 = -5.269100 dB | valid frames = 43/43
OK: /mnt/data/Acoustic_Analysis_Results_2026-08-18/00_full_2048_frame_wav/E02before_20141001_tanto-tanto_01_44100_mono.wav | median H1-H2 = 3.909505 dB | valid frames = 44/44
OK: /mnt/data/Acoustic_Analysis_Results_2026-08-18/00_full_2048_frame_wav/E03after_tanto-tanto_20240223_caro-mio-ben_02_mono.wav | median H1-H2 = -1.688592 dB | valid frames = 43/47
OK: /mnt/data/Acoustic_Analysis_Results_2026-08-18/00_full_2048_frame_wav/E03before_tanto-tanto_20220607_caro-mio-ben_02_1__mono.wav | median H1-H2 = -0.807824 dB | valid frames = 38/44
OK: /mnt/data/Acoustic_Analysis_Results_2026-08-18/00_full_2048_frame_wav/E04after_20240223_tanto-tanto_02_mono.wav | median H1-H2 = 3.649136 dB | valid frames = 52/55
OK: /mnt/data/Acoustic_Analysis_Results_2026-08-18/00_full_2048_frame_wav/E04before_20220607_tanto-tanto_02_mono.wav | median H1-H2 = 3.139653 dB | valid frames = 51/56
OK: /mnt/data/Acoustic_Analysis_Results_2026-08-18/00_full_2048_frame_wav/E05after_tanto-tanto240206_0629caro-2_mono.wav | median H1-H2 = -3.453116 dB | valid frames = 35/39
OK: /mnt/data/Acoustic_Analysis_Results_2026-08-18/00_full_2048_frame_wav/E05before_tanto-tanto_20220531_caro-mio-ben_02_mono.wav | median H1-H2 = -8.111463 dB | valid frames = 42/47
OK: /mnt/data/Acoustic_Analysis_Results_2026-08-18/00_full_2048_frame_wav/E06after_tanto-tanto240206_caro-mio-ben_02_mono.wav | median H1-H2 = 0.212266 dB | valid frames = 51/53
OK: /mnt/data/Acoustic_Analysis_Results_2026-08-18/00_full_2048_frame_wav/E06before_tanto-tanto_20220607_caro-mio-ben_02_mono.wav | median H1-H2 = 4.324381 dB | valid frames = 45/47
OK: /mnt/data/Acoustic_Analysis_Results_2026-08-18/00_full_2048_frame_wav/E07after_tanto-tanto_240206_caro-mio-ben_02_mono.wav | median H1-H2 = -14.549063 dB | valid frames = 43/43
OK: /mnt/data/Acoustic_Analysis_Results_2026-08-18/00_full_2048_frame_wav/E07before_tanto-tanto_20220531_caro-mio-ben_02_mono.wav | median H1-H2 = -7.328555 dB | valid frames = 32/37
OK: /mnt/data/Acoustic_Analysis_Results_2026-08-18/00_full_2048_frame_wav/M2025_tanto_tanto_mono.wav | median H1-H2 = 1.617278 dB | valid frames = 61/61
OK: /mnt/data/Acoustic_Analysis_Results_2026-08-18/00_full_2048_frame_wav/V01after_20190408tanto_tanto_02_mono.wav | median H1-H2 = -2.595166 dB | valid frames = 43/43
OK: /mnt/data/Acoustic_Analysis_Results_2026-08-18/00_full_2048_frame_wav/V01before_20170508_tanto_tanto_02_mono.wav | median H1-H2 = 1.161400 dB | valid frames = 46/46
OK: /mnt/data/Acoustic_Analysis_Results_2026-08-18/00_full_2048_frame_wav/V02after_20240524_tanto_tanto_02_mono.wav | median H1-H2 = 3.998855 dB | valid frames = 52/52
OK: /mnt/data/Acoustic_Analysis_Results_2026-08-18/00_full_2048_frame_wav/V02before_20220531_tanto_tanto_02_mono.wav | median H1-H2 = 5.890123 dB | valid frames = 67/67
OK: /mnt/data/Acoustic_Analysis_Results_2026-08-18/00_full_2048_frame_wav/V03after_20190407_tanto_tanto_02_mono.wav | median H1-H2 = -1.379853 dB | valid frames = 50/50
OK: /mnt/data/Acoustic_Analysis_Results_2026-08-18/00_full_2048_frame_wav/V03before_20170508_tanto_tanto_02_mono.wav | median H1-H2 = -3.248756 dB | valid frames = 59/61
OK: /mnt/data/Acoustic_Analysis_Results_2026-08-18/00_full_2048_frame_wav/V04after_20200706_tanto_tanto_02_mono.wav | median H1-H2 = 1.157856 dB | valid frames = 76/76
OK: /mnt/data/Acoustic_Analysis_Results_2026-08-18/00_full_2048_frame_wav/V04before_20180730_tanto_tanto_02_mono.wav | median H1-H2 = 4.505908 dB | valid frames = 50/50
OK: /mnt/data/Acoustic_Analysis_Results_2026-08-18/00_full_2048_frame_wav/V05after_20240502_tanto_tanto_02_mono.wav | median H1-H2 = -4.022057 dB | valid frames = 47/47
OK: /mnt/data/Acoustic_Analysis_Results_2026-08-18/00_full_2048_frame_wav/V05before_20220420_tanto_tanto_02_mono.wav | median H1-H2 = -3.949172 dB | valid frames = 47/47
OK: /mnt/data/Acoustic_Analysis_Results_2026-08-18/00_full_2048_frame_wav/V06after_20240618_tanto_tanto_02_mono.wav | median H1-H2 = -0.811207 dB | valid frames = 49/49
OK: /mnt/data/Acoustic_Analysis_Results_2026-08-18/00_full_2048_frame_wav/V06before_20220530_tanto_tanto_02_mono.wav | median H1-H2 = 1.307601 dB | valid frames = 73/76
OK: /mnt/data/Acoustic_Analysis_Results_2026-08-18/00_full_2048_frame_wav/V07after_20200629_tnto_tanto_02_mono.wav | median H1-H2 = 4.650529 dB | valid frames = 53/53
OK: /mnt/data/Acoustic_Analysis_Results_2026-08-18/00_full_2048_frame_wav/V07before_20180730_tanto_tanto_02_mono.wav | median H1-H2 = 0.775649 dB | valid frames = 53/53
OK: /mnt/data/Acoustic_Analysis_Results_2026-08-18/00_full_2048_frame_wav/V08after_20240422_tanto_tanto_02_mono.wav | median H1-H2 = 3.421970 dB | valid frames = 47/48
OK: /mnt/data/Acoustic_Analysis_Results_2026-08-18/00_full_2048_frame_wav/V08before_20220420_tanto_tanto_01_mono.wav | median H1-H2 = 0.559465 dB | valid frames = 46/46
OK: /mnt/data/Acoustic_Analysis_Results_2026-08-18/00_full_2048_frame_wav/V09after_20190508_tanto_tanto_02_mono.wav | median H1-H2 = -0.733818 dB | valid frames = 68/68
OK: /mnt/data/Acoustic_Analysis_Results_2026-08-18/00_full_2048_frame_wav/V09before_20170526_tanto_tanto_02_mono.wav | median H1-H2 = -4.300509 dB | valid frames = 62/62
OK: /mnt/data/Acoustic_Analysis_Results_2026-08-18/00_full_2048_frame_wav/V10after_20240501_tanto_tanto_02_mono.wav | median H1-H2 = -6.885701 dB | valid frames = 46/46
OK: /mnt/data/Acoustic_Analysis_Results_2026-08-18/00_full_2048_frame_wav/V10before_20220420_tanto_tanto_02_mono.wav | median H1-H2 = 0.116712 dB | valid frames = 44/45
OK: /mnt/data/Acoustic_Analysis_Results_2026-08-18/00_full_2048_frame_wav/V11after_20240502_tanto_tanto_02_mono.wav | median H1-H2 = 1.093009 dB | valid frames = 52/52
OK: /mnt/data/Acoustic_Analysis_Results_2026-08-18/00_full_2048_frame_wav/V11before_20220420_tanto_tanto_02_mono.wav | median H1-H2 = 0.646796 dB | valid frames = 52/52
OK: /mnt/data/Acoustic_Analysis_Results_2026-08-18/00_full_2048_frame_wav/V12after_20190408_tanto_tanto_02_mono.wav | median H1-H2 = 1.904199 dB | valid frames = 39/39
OK: /mnt/data/Acoustic_Analysis_Results_2026-08-18/00_full_2048_frame_wav/V12before_20170508_tanto_tanto_02_mono.wav | median H1-H2 = 1.013138 dB | valid frames = 45/45
OK: /mnt/data/Acoustic_Analysis_Results_2026-08-18/00_full_2048_frame_wav/V13after_20190409_tanto_tanto_02_mono.wav | median H1-H2 = -2.281775 dB | valid frames = 44/44
OK: /mnt/data/Acoustic_Analysis_Results_2026-08-18/00_full_2048_frame_wav/V13before_20170508_tanto_tanto_02_mono.wav | median H1-H2 = -4.951552 dB | valid frames = 42/42

Done.
Analyzed files: 41
Summary CSV   : /mnt/data/Acoustic_Analysis_Results_2026-08-18/03_H1-H2/h1_h2_summary.csv
Output folder : /mnt/data/Acoustic_Analysis_Results_2026-08-18/03_H1-H2
