Analyzing: /mnt/data/Acoustic_Analysis_Results_2026-08-18/00_full_2048_frame_wav/E01after_tanto-tanto_20160401_caro-mio-ben_01_mono.wav
  median SPR: -19.042354 dB
Analyzing: /mnt/data/Acoustic_Analysis_Results_2026-08-18/00_full_2048_frame_wav/E01before_tanto-tanto_20141001_02_mono.wav
  median SPR: -21.208452 dB
Analyzing: /mnt/data/Acoustic_Analysis_Results_2026-08-18/00_full_2048_frame_wav/E02after_20160401_tanto-tanto_01_44100_mono.wav
  median SPR: -24.606308 dB
Analyzing: /mnt/data/Acoustic_Analysis_Results_2026-08-18/00_full_2048_frame_wav/E02before_20141001_tanto-tanto_01_44100_mono.wav
  median SPR: -21.465999 dB
Analyzing: /mnt/data/Acoustic_Analysis_Results_2026-08-18/00_full_2048_frame_wav/E03after_tanto-tanto_20240223_caro-mio-ben_02_mono.wav
  median SPR: -24.184113 dB
Analyzing: /mnt/data/Acoustic_Analysis_Results_2026-08-18/00_full_2048_frame_wav/E03before_tanto-tanto_20220607_caro-mio-ben_02_1__mono.wav
  median SPR: -30.593705 dB
Analyzing: /mnt/data/Acoustic_Analysis_Results_2026-08-18/00_full_2048_frame_wav/E04after_20240223_tanto-tanto_02_mono.wav
  median SPR: -22.496150 dB
Analyzing: /mnt/data/Acoustic_Analysis_Results_2026-08-18/00_full_2048_frame_wav/E04before_20220607_tanto-tanto_02_mono.wav
  median SPR: -28.661329 dB
Analyzing: /mnt/data/Acoustic_Analysis_Results_2026-08-18/00_full_2048_frame_wav/E05after_tanto-tanto240206_0629caro-2_mono.wav
  median SPR: -20.324928 dB
Analyzing: /mnt/data/Acoustic_Analysis_Results_2026-08-18/00_full_2048_frame_wav/E05before_tanto-tanto_20220531_caro-mio-ben_02_mono.wav
  median SPR: -27.410310 dB
Analyzing: /mnt/data/Acoustic_Analysis_Results_2026-08-18/00_full_2048_frame_wav/E06after_tanto-tanto240206_caro-mio-ben_02_mono.wav
  median SPR: -21.861143 dB
Analyzing: /mnt/data/Acoustic_Analysis_Results_2026-08-18/00_full_2048_frame_wav/E06before_tanto-tanto_20220607_caro-mio-ben_02_mono.wav
  median SPR: -33.706469 dB
Analyzing: /mnt/data/Acoustic_Analysis_Results_2026-08-18/00_full_2048_frame_wav/E07after_tanto-tanto_240206_caro-mio-ben_02_mono.wav
  median SPR: -22.633231 dB
Analyzing: /mnt/data/Acoustic_Analysis_Results_2026-08-18/00_full_2048_frame_wav/E07before_tanto-tanto_20220531_caro-mio-ben_02_mono.wav
  median SPR: -27.870620 dB
Analyzing: /mnt/data/Acoustic_Analysis_Results_2026-08-18/00_full_2048_frame_wav/M2025_tanto_tanto_mono.wav
  median SPR: -18.205674 dB
Analyzing: /mnt/data/Acoustic_Analysis_Results_2026-08-18/00_full_2048_frame_wav/V01after_20190408tanto_tanto_02_mono.wav
  median SPR: -25.650030 dB
Analyzing: /mnt/data/Acoustic_Analysis_Results_2026-08-18/00_full_2048_frame_wav/V01before_20170508_tanto_tanto_02_mono.wav
  median SPR: -27.829944 dB
Analyzing: /mnt/data/Acoustic_Analysis_Results_2026-08-18/00_full_2048_frame_wav/V02after_20240524_tanto_tanto_02_mono.wav
  median SPR: -16.391811 dB
Analyzing: /mnt/data/Acoustic_Analysis_Results_2026-08-18/00_full_2048_frame_wav/V02before_20220531_tanto_tanto_02_mono.wav
  median SPR: -25.503593 dB
Analyzing: /mnt/data/Acoustic_Analysis_Results_2026-08-18/00_full_2048_frame_wav/V03after_20190407_tanto_tanto_02_mono.wav
  median SPR: -19.379163 dB
Analyzing: /mnt/data/Acoustic_Analysis_Results_2026-08-18/00_full_2048_frame_wav/V03before_20170508_tanto_tanto_02_mono.wav
  median SPR: -17.307942 dB
Analyzing: /mnt/data/Acoustic_Analysis_Results_2026-08-18/00_full_2048_frame_wav/V04after_20200706_tanto_tanto_02_mono.wav
  median SPR: -16.480947 dB
Analyzing: /mnt/data/Acoustic_Analysis_Results_2026-08-18/00_full_2048_frame_wav/V04before_20180730_tanto_tanto_02_mono.wav
  median SPR: -13.925197 dB
Analyzing: /mnt/data/Acoustic_Analysis_Results_2026-08-18/00_full_2048_frame_wav/V05after_20240502_tanto_tanto_02_mono.wav
  median SPR: -15.708614 dB
Analyzing: /mnt/data/Acoustic_Analysis_Results_2026-08-18/00_full_2048_frame_wav/V05before_20220420_tanto_tanto_02_mono.wav
  median SPR: -11.694686 dB
Analyzing: /mnt/data/Acoustic_Analysis_Results_2026-08-18/00_full_2048_frame_wav/V06after_20240618_tanto_tanto_02_mono.wav
  median SPR: -21.650151 dB
Analyzing: /mnt/data/Acoustic_Analysis_Results_2026-08-18/00_full_2048_frame_wav/V06before_20220530_tanto_tanto_02_mono.wav
  median SPR: -24.327108 dB
Analyzing: /mnt/data/Acoustic_Analysis_Results_2026-08-18/00_full_2048_frame_wav/V07after_20200629_tnto_tanto_02_mono.wav
  median SPR: -18.602439 dB
Analyzing: /mnt/data/Acoustic_Analysis_Results_2026-08-18/00_full_2048_frame_wav/V07before_20180730_tanto_tanto_02_mono.wav
  median SPR: -12.488567 dB
Analyzing: /mnt/data/Acoustic_Analysis_Results_2026-08-18/00_full_2048_frame_wav/V08after_20240422_tanto_tanto_02_mono.wav
  median SPR: -16.869265 dB
Analyzing: /mnt/data/Acoustic_Analysis_Results_2026-08-18/00_full_2048_frame_wav/V08before_20220420_tanto_tanto_01_mono.wav
  median SPR: -7.767158 dB
Analyzing: /mnt/data/Acoustic_Analysis_Results_2026-08-18/00_full_2048_frame_wav/V09after_20190508_tanto_tanto_02_mono.wav
  median SPR: -19.532859 dB
Analyzing: /mnt/data/Acoustic_Analysis_Results_2026-08-18/00_full_2048_frame_wav/V09before_20170526_tanto_tanto_02_mono.wav
  median SPR: -28.201015 dB
Analyzing: /mnt/data/Acoustic_Analysis_Results_2026-08-18/00_full_2048_frame_wav/V10after_20240501_tanto_tanto_02_mono.wav
  median SPR: -21.423730 dB
Analyzing: /mnt/data/Acoustic_Analysis_Results_2026-08-18/00_full_2048_frame_wav/V10before_20220420_tanto_tanto_02_mono.wav
  median SPR: -21.374996 dB
Analyzing: /mnt/data/Acoustic_Analysis_Results_2026-08-18/00_full_2048_frame_wav/V11after_20240502_tanto_tanto_02_mono.wav
  median SPR: -18.641447 dB
Analyzing: /mnt/data/Acoustic_Analysis_Results_2026-08-18/00_full_2048_frame_wav/V11before_20220420_tanto_tanto_02_mono.wav
  median SPR: -16.748172 dB
Analyzing: /mnt/data/Acoustic_Analysis_Results_2026-08-18/00_full_2048_frame_wav/V12after_20190408_tanto_tanto_02_mono.wav
  median SPR: -22.443082 dB
Analyzing: /mnt/data/Acoustic_Analysis_Results_2026-08-18/00_full_2048_frame_wav/V12before_20170508_tanto_tanto_02_mono.wav
  median SPR: -22.211009 dB
Analyzing: /mnt/data/Acoustic_Analysis_Results_2026-08-18/00_full_2048_frame_wav/V13after_20190409_tanto_tanto_02_mono.wav
  median SPR: -17.099209 dB
Analyzing: /mnt/data/Acoustic_Analysis_Results_2026-08-18/00_full_2048_frame_wav/V13before_20170508_tanto_tanto_02_mono.wav
  median SPR: -18.494005 dB

Done.
Summary CSV: /mnt/data/Acoustic_Analysis_Results_2026-08-18/05_SPR/spr_summary.csv
Frame-wise CSV files are in: /mnt/data/Acoustic_Analysis_Results_2026-08-18/05_SPR
