Frame-wise CPPS calculation
---------------------------
Input path : /mnt/data/Acoustic_Analysis_Results_2026-08-18/00_full_2048_frame_wav
Output dir : /mnt/data/Acoustic_Analysis_Results_2026-08-18/02_CPPS
WAV files  : 41
Frame size : 2048 samples
Hop size   : 2048 samples

File: /mnt/data/Acoustic_Analysis_Results_2026-08-18/00_full_2048_frame_wav/E01after_tanto-tanto_20160401_caro-mio-ben_01_mono.wav
  sampling rate             : 44100 Hz
  frame duration            : 46.439909 ms
  median CPPS, all frames   : 10.350104 dB
  voiced frames             : 58/58
  frame-wise CSV            : /mnt/data/Acoustic_Analysis_Results_2026-08-18/02_CPPS/E01after_tanto-tanto_20160401_caro-mio-ben_01_mono_cpps_framewise.csv

File: /mnt/data/Acoustic_Analysis_Results_2026-08-18/00_full_2048_frame_wav/E01before_tanto-tanto_20141001_02_mono.wav
  sampling rate             : 44100 Hz
  frame duration            : 46.439909 ms
  median CPPS, all frames   : 10.618911 dB
  voiced frames             : 39/39
  frame-wise CSV            : /mnt/data/Acoustic_Analysis_Results_2026-08-18/02_CPPS/E01before_tanto-tanto_20141001_02_mono_cpps_framewise.csv

File: /mnt/data/Acoustic_Analysis_Results_2026-08-18/00_full_2048_frame_wav/E02after_20160401_tanto-tanto_01_44100_mono.wav
  sampling rate             : 44100 Hz
  frame duration            : 46.439909 ms
  median CPPS, all frames   : 9.143493 dB
  voiced frames             : 43/43
  frame-wise CSV            : /mnt/data/Acoustic_Analysis_Results_2026-08-18/02_CPPS/E02after_20160401_tanto-tanto_01_44100_mono_cpps_framewise.csv

File: /mnt/data/Acoustic_Analysis_Results_2026-08-18/00_full_2048_frame_wav/E02before_20141001_tanto-tanto_01_44100_mono.wav
  sampling rate             : 44100 Hz
  frame duration            : 46.439909 ms
  median CPPS, all frames   : 10.788963 dB
  voiced frames             : 44/44
  frame-wise CSV            : /mnt/data/Acoustic_Analysis_Results_2026-08-18/02_CPPS/E02before_20141001_tanto-tanto_01_44100_mono_cpps_framewise.csv

File: /mnt/data/Acoustic_Analysis_Results_2026-08-18/00_full_2048_frame_wav/E03after_tanto-tanto_20240223_caro-mio-ben_02_mono.wav
  sampling rate             : 44100 Hz
  frame duration            : 46.439909 ms
  median CPPS, all frames   : 8.523621 dB
  voiced frames             : 47/47
  frame-wise CSV            : /mnt/data/Acoustic_Analysis_Results_2026-08-18/02_CPPS/E03after_tanto-tanto_20240223_caro-mio-ben_02_mono_cpps_framewise.csv

File: /mnt/data/Acoustic_Analysis_Results_2026-08-18/00_full_2048_frame_wav/E03before_tanto-tanto_20220607_caro-mio-ben_02_1__mono.wav
  sampling rate             : 44100 Hz
  frame duration            : 46.439909 ms
  median CPPS, all frames   : 7.705248 dB
  voiced frames             : 44/44
  frame-wise CSV            : /mnt/data/Acoustic_Analysis_Results_2026-08-18/02_CPPS/E03before_tanto-tanto_20220607_caro-mio-ben_02_1__mono_cpps_framewise.csv

File: /mnt/data/Acoustic_Analysis_Results_2026-08-18/00_full_2048_frame_wav/E04after_20240223_tanto-tanto_02_mono.wav
  sampling rate             : 44100 Hz
  frame duration            : 46.439909 ms
  median CPPS, all frames   : 9.960128 dB
  voiced frames             : 55/55
  frame-wise CSV            : /mnt/data/Acoustic_Analysis_Results_2026-08-18/02_CPPS/E04after_20240223_tanto-tanto_02_mono_cpps_framewise.csv

File: /mnt/data/Acoustic_Analysis_Results_2026-08-18/00_full_2048_frame_wav/E04before_20220607_tanto-tanto_02_mono.wav
  sampling rate             : 44100 Hz
  frame duration            : 46.439909 ms
  median CPPS, all frames   : 9.899030 dB
  voiced frames             : 56/56
  frame-wise CSV            : /mnt/data/Acoustic_Analysis_Results_2026-08-18/02_CPPS/E04before_20220607_tanto-tanto_02_mono_cpps_framewise.csv

File: /mnt/data/Acoustic_Analysis_Results_2026-08-18/00_full_2048_frame_wav/E05after_tanto-tanto240206_0629caro-2_mono.wav
  sampling rate             : 44100 Hz
  frame duration            : 46.439909 ms
  median CPPS, all frames   : 10.586714 dB
  voiced frames             : 39/39
  frame-wise CSV            : /mnt/data/Acoustic_Analysis_Results_2026-08-18/02_CPPS/E05after_tanto-tanto240206_0629caro-2_mono_cpps_framewise.csv

File: /mnt/data/Acoustic_Analysis_Results_2026-08-18/00_full_2048_frame_wav/E05before_tanto-tanto_20220531_caro-mio-ben_02_mono.wav
  sampling rate             : 44100 Hz
  frame duration            : 46.439909 ms
  median CPPS, all frames   : 9.185219 dB
  voiced frames             : 47/47
  frame-wise CSV            : /mnt/data/Acoustic_Analysis_Results_2026-08-18/02_CPPS/E05before_tanto-tanto_20220531_caro-mio-ben_02_mono_cpps_framewise.csv

File: /mnt/data/Acoustic_Analysis_Results_2026-08-18/00_full_2048_frame_wav/E06after_tanto-tanto240206_caro-mio-ben_02_mono.wav
  sampling rate             : 44100 Hz
  frame duration            : 46.439909 ms
  median CPPS, all frames   : 9.876996 dB
  voiced frames             : 53/53
  frame-wise CSV            : /mnt/data/Acoustic_Analysis_Results_2026-08-18/02_CPPS/E06after_tanto-tanto240206_caro-mio-ben_02_mono_cpps_framewise.csv

File: /mnt/data/Acoustic_Analysis_Results_2026-08-18/00_full_2048_frame_wav/E06before_tanto-tanto_20220607_caro-mio-ben_02_mono.wav
  sampling rate             : 44100 Hz
  frame duration            : 46.439909 ms
  median CPPS, all frames   : 7.044885 dB
  voiced frames             : 47/47
  frame-wise CSV            : /mnt/data/Acoustic_Analysis_Results_2026-08-18/02_CPPS/E06before_tanto-tanto_20220607_caro-mio-ben_02_mono_cpps_framewise.csv

File: /mnt/data/Acoustic_Analysis_Results_2026-08-18/00_full_2048_frame_wav/E07after_tanto-tanto_240206_caro-mio-ben_02_mono.wav
  sampling rate             : 44100 Hz
  frame duration            : 46.439909 ms
  median CPPS, all frames   : 9.077187 dB
  voiced frames             : 43/43
  frame-wise CSV            : /mnt/data/Acoustic_Analysis_Results_2026-08-18/02_CPPS/E07after_tanto-tanto_240206_caro-mio-ben_02_mono_cpps_framewise.csv

File: /mnt/data/Acoustic_Analysis_Results_2026-08-18/00_full_2048_frame_wav/E07before_tanto-tanto_20220531_caro-mio-ben_02_mono.wav
  sampling rate             : 44100 Hz
  frame duration            : 46.439909 ms
  median CPPS, all frames   : 7.973257 dB
  voiced frames             : 37/37
  frame-wise CSV            : /mnt/data/Acoustic_Analysis_Results_2026-08-18/02_CPPS/E07before_tanto-tanto_20220531_caro-mio-ben_02_mono_cpps_framewise.csv

File: /mnt/data/Acoustic_Analysis_Results_2026-08-18/00_full_2048_frame_wav/M2025_tanto_tanto_mono.wav
  sampling rate             : 44100 Hz
  frame duration            : 46.439909 ms
  median CPPS, all frames   : 10.897748 dB
  voiced frames             : 61/61
  frame-wise CSV            : /mnt/data/Acoustic_Analysis_Results_2026-08-18/02_CPPS/M2025_tanto_tanto_mono_cpps_framewise.csv

File: /mnt/data/Acoustic_Analysis_Results_2026-08-18/00_full_2048_frame_wav/V01after_20190408tanto_tanto_02_mono.wav
  sampling rate             : 44100 Hz
  frame duration            : 46.439909 ms
  median CPPS, all frames   : 9.643538 dB
  voiced frames             : 43/43
  frame-wise CSV            : /mnt/data/Acoustic_Analysis_Results_2026-08-18/02_CPPS/V01after_20190408tanto_tanto_02_mono_cpps_framewise.csv

File: /mnt/data/Acoustic_Analysis_Results_2026-08-18/00_full_2048_frame_wav/V01before_20170508_tanto_tanto_02_mono.wav
  sampling rate             : 44100 Hz
  frame duration            : 46.439909 ms
  median CPPS, all frames   : 9.078237 dB
  voiced frames             : 46/46
  frame-wise CSV            : /mnt/data/Acoustic_Analysis_Results_2026-08-18/02_CPPS/V01before_20170508_tanto_tanto_02_mono_cpps_framewise.csv

File: /mnt/data/Acoustic_Analysis_Results_2026-08-18/00_full_2048_frame_wav/V02after_20240524_tanto_tanto_02_mono.wav
  sampling rate             : 44100 Hz
  frame duration            : 46.439909 ms
  median CPPS, all frames   : 11.109831 dB
  voiced frames             : 52/52
  frame-wise CSV            : /mnt/data/Acoustic_Analysis_Results_2026-08-18/02_CPPS/V02after_20240524_tanto_tanto_02_mono_cpps_framewise.csv

File: /mnt/data/Acoustic_Analysis_Results_2026-08-18/00_full_2048_frame_wav/V02before_20220531_tanto_tanto_02_mono.wavFrame-wise CPPS calculation
---------------------------
Input path : /mnt/data/Acoustic_Analysis_Results_2026-08-18/00_full_2048_frame_wav/V03after_20190407_tanto_tanto_02_mono.wav
Output dir : /mnt/data/Acoustic_Analysis_Results_2026-08-18/02_CPPS
WAV files  : 1
Frame size : 2048 samples
Hop size   : 2048 samples

File: /mnt/data/Acoustic_Analysis_Results_2026-08-18/00_full_2048_frame_wav/V03after_20190407_tanto_tanto_02_mono.wav
  sampling rate             : 44100 Hz
  frame duration            : 46.439909 ms
  median CPPS, all frames   : 13.065018 dB
  voiced frames             : 50/50
  frame-wise CSV            : /mnt/data/Acoustic_Analysis_Results_2026-08-18/02_CPPS/V03after_20190407_tanto_tanto_02_mono_cpps_framewise.csv

Summary CSV: /mnt/data/Acoustic_Analysis_Results_2026-08-18/02_CPPS/cpps_summary.csv
Primary value for each file: median_cpps_all_frames_db
Frame-wise CPPS calculation
---------------------------
Input path : /mnt/data/Acoustic_Analysis_Results_2026-08-18/00_full_2048_frame_wav/V03before_20170508_tanto_tanto_02_mono.wav
Output dir : /mnt/data/Acoustic_Analysis_Results_2026-08-18/02_CPPS
WAV files  : 1
Frame size : 2048 samples
Hop size   : 2048 samples

File: /mnt/data/Acoustic_Analysis_Results_2026-08-18/00_full_2048_frame_wav/V03before_20170508_tanto_tanto_02_mono.wav
  sampling rate             : 44100 Hz
  frame duration            : 46.439909 ms
  median CPPS, all frames   : 12.268976 dB
  voiced frames             : 59/61
  WARNING: 2 unvoiced/low-periodicity frame(s) detected.
           Frame indices: 0;3
  frame-wise CSV            : /mnt/data/Acoustic_Analysis_Results_2026-08-18/02_CPPS/V03before_20170508_tanto_tanto_02_mono_cpps_framewise.csv

Summary CSV: /mnt/data/Acoustic_Analysis_Results_2026-08-18/02_CPPS/cpps_summary.csv
Primary value for each file: median_cpps_all_frames_db
Frame-wise CPPS calculation
---------------------------
Input path : /mnt/data/Acoustic_Analysis_Results_2026-08-18/00_full_2048_frame_wav/V04after_20200706_tanto_tanto_02_mono.wav
Output dir : /mnt/data/Acoustic_Analysis_Results_2026-08-18/02_CPPS
WAV files  : 1
Frame size : 2048 samples
Hop size   : 2048 samples

File: /mnt/data/Acoustic_Analysis_Results_2026-08-18/00_full_2048_frame_wav/V04after_20200706_tanto_tanto_02_mono.wav
  sampling rate             : 44100 Hz
  frame duration            : 46.439909 ms
  median CPPS, all frames   : 12.342550 dB
  voiced frames             : 76/76
  frame-wise CSV            : /mnt/data/Acoustic_Analysis_Results_2026-08-18/02_CPPS/V04after_20200706_tanto_tanto_02_mono_cpps_framewise.csv

Summary CSV: /mnt/data/Acoustic_Analysis_Results_2026-08-18/02_CPPS/cpps_summary.csv
Primary value for each file: median_cpps_all_frames_db
Frame-wise CPPS calculation
---------------------------
Input path : /mnt/data/Acoustic_Analysis_Results_2026-08-18/00_full_2048_frame_wav/V04before_20180730_tanto_tanto_02_mono.wav
Output dir : /mnt/data/Acoustic_Analysis_Results_2026-08-18/02_CPPS
WAV files  : 1
Frame size : 2048 samples
Hop size   : 2048 samples

File: /mnt/data/Acoustic_Analysis_Results_2026-08-18/00_full_2048_frame_wav/V04before_20180730_tanto_tanto_02_mono.wav
  sampling rate             : 44100 Hz
  frame duration            : 46.439909 ms
  median CPPS, all frames   : 12.746605 dB
  voiced frames             : 50/50
  frame-wise CSV            : /mnt/data/Acoustic_Analysis_Results_2026-08-18/02_CPPS/V04before_20180730_tanto_tanto_02_mono_cpps_framewise.csv

Summary CSV: /mnt/data/Acoustic_Analysis_Results_2026-08-18/02_CPPS/cpps_summary.csv
Primary value for each file: median_cpps_all_frames_db
Frame-wise CPPS calculation
---------------------------
Input path : /mnt/data/Acoustic_Analysis_Results_2026-08-18/00_full_2048_frame_wav/V05after_20240502_tanto_tanto_02_mono.wav
Output dir : /mnt/data/Acoustic_Analysis_Results_2026-08-18/02_CPPS
WAV files  : 1
Frame size : 2048 samples
Hop size   : 2048 samples

File: /mnt/data/Acoustic_Analysis_Results_2026-08-18/00_full_2048_frame_wav/V05after_20240502_tanto_tanto_02_mono.wav
  sampling rate             : 44100 Hz
  frame duration            : 46.439909 ms
  median CPPS, all frames   : 11.538184 dB
  voiced frames             : 47/47
  frame-wise CSV            : /mnt/data/Acoustic_Analysis_Results_2026-08-18/02_CPPS/V05after_20240502_tanto_tanto_02_mono_cpps_framewise.csv

Summary CSV: /mnt/data/Acoustic_Analysis_Results_2026-08-18/02_CPPS/cpps_summary.csv
Primary value for each file: median_cpps_all_frames_db
Frame-wise CPPS calculation
---------------------------
Input path : /mnt/data/Acoustic_Analysis_Results_2026-08-18/00_full_2048_frame_wav/V05before_20220420_tanto_tanto_02_mono.wav
Output dir : /mnt/data/Acoustic_Analysis_Results_2026-08-18/02_CPPS
WAV files  : 1
Frame size : 2048 samples
Hop size   : 2048 samples

File: /mnt/data/Acoustic_Analysis_Results_2026-08-18/00_full_2048_frame_wav/V05before_20220420_tanto_tanto_02_mono.wav
  sampling rate             : 44100 Hz
  frame duration            : 46.439909 ms
  median CPPS, all frames   : 12.323443 dB
  voiced frames             : 47/47
  frame-wise CSV            : /mnt/data/Acoustic_Analysis_Results_2026-08-18/02_CPPS/V05before_20220420_tanto_tanto_02_mono_cpps_framewise.csv

Summary CSV: /mnt/data/Acoustic_Analysis_Results_2026-08-18/02_CPPS/cpps_summary.csv
Primary value for each file: median_cpps_all_frames_db
Frame-wise CPPS calculation
---------------------------
Input path : /mnt/data/Acoustic_Analysis_Results_2026-08-18/00_full_2048_frame_wav/V06after_20240618_tanto_tanto_02_mono.wav
Output dir : /mnt/data/Acoustic_Analysis_Results_2026-08-18/02_CPPS
WAV files  : 1
Frame size : 2048 samples
Hop size   : 2048 samples

File: /mnt/data/Acoustic_Analysis_Results_2026-08-18/00_full_2048_frame_wav/V06after_20240618_tanto_tanto_02_mono.wav
  sampling rate             : 44100 Hz
  frame duration            : 46.439909 ms
  median CPPS, all frames   : 11.005488 dB
  voiced frames             : 49/49
  frame-wise CSV            : /mnt/data/Acoustic_Analysis_Results_2026-08-18/02_CPPS/V06after_20240618_tanto_tanto_02_mono_cpps_framewise.csv

Summary CSV: /mnt/data/Acoustic_Analysis_Results_2026-08-18/02_CPPS/cpps_summary.csv
Primary value for each file: median_cpps_all_frames_db
Frame-wise CPPS calculation
---------------------------
Input path : /mnt/data/Acoustic_Analysis_Results_2026-08-18/00_full_2048_frame_wav/V06before_20220530_tanto_tanto_02_mono.wav
Output dir : /mnt/data/Acoustic_Analysis_Results_2026-08-18/02_CPPS
WAV files  : 1
Frame size : 2048 samples
Hop size   : 2048 samples

File: /mnt/data/Acoustic_Analysis_Results_2026-08-18/00_full_2048_frame_wav/V06before_20220530_tanto_tanto_02_mono.wav
  sampling rate             : 44100 Hz
  frame duration            : 46.439909 ms
  median CPPS, all frames   : 9.057528 dB
  voiced frames             : 76/76
  frame-wise CSV            : /mnt/data/Acoustic_Analysis_Results_2026-08-18/02_CPPS/V06before_20220530_tanto_tanto_02_mono_cpps_framewise.csv

Summary CSV: /mnt/data/Acoustic_Analysis_Results_2026-08-18/02_CPPS/cpps_summary.csv
Primary value for each file: median_cpps_all_frames_db
Frame-wise CPPS calculation
---------------------------
Input path : /mnt/data/Acoustic_Analysis_Results_2026-08-18/00_full_2048_frame_wav/V07after_20200629_tnto_tanto_02_mono.wav
Output dir : /mnt/data/Acoustic_Analysis_Results_2026-08-18/02_CPPS
WAV files  : 1
Frame size : 2048 samples
Hop size   : 2048 samples

File: /mnt/data/Acoustic_Analysis_Results_2026-08-18/00_full_2048_frame_wav/V07after_20200629_tnto_tanto_02_mono.wav
  sampling rate             : 44100 Hz
  frame duration            : 46.439909 ms
  median CPPS, all frames   : 11.583336 dB
  voiced frames             : 53/53
  frame-wise CSV            : /mnt/data/Acoustic_Analysis_Results_2026-08-18/02_CPPS/V07after_20200629_tnto_tanto_02_mono_cpps_framewise.csv

Summary CSV: /mnt/data/Acoustic_Analysis_Results_2026-08-18/02_CPPS/cpps_summary.csv
Primary value for each file: median_cpps_all_frames_db
Frame-wise CPPS calculation
---------------------------
Input path : /mnt/data/Acoustic_Analysis_Results_2026-08-18/00_full_2048_frame_wav/V07before_20180730_tanto_tanto_02_mono.wav
Output dir : /mnt/data/Acoustic_Analysis_Results_2026-08-18/02_CPPS
WAV files  : 1
Frame size : 2048 samples
Hop size   : 2048 samples

File: /mnt/data/Acoustic_Analysis_Results_2026-08-18/00_full_2048_frame_wav/V07before_20180730_tanto_tanto_02_mono.wav
  sampling rate             : 44100 Hz
  frame duration            : 46.439909 ms
  median CPPS, all frames   : 12.039669 dB
  voiced frames             : 53/53
  frame-wise CSV            : /mnt/data/Acoustic_Analysis_Results_2026-08-18/02_CPPS/V07before_20180730_tanto_tanto_02_mono_cpps_framewise.csv

Summary CSV: /mnt/data/Acoustic_Analysis_Results_2026-08-18/02_CPPS/cpps_summary.csv
Primary value for each file: median_cpps_all_frames_db
Frame-wise CPPS calculation
---------------------------
Input path : /mnt/data/Acoustic_Analysis_Results_2026-08-18/00_full_2048_frame_wav/V08after_20240422_tanto_tanto_02_mono.wav
Output dir : /mnt/data/Acoustic_Analysis_Results_2026-08-18/02_CPPS
WAV files  : 1
Frame size : 2048 samples
Hop size   : 2048 samples

File: /mnt/data/Acoustic_Analysis_Results_2026-08-18/00_full_2048_frame_wav/V08after_20240422_tanto_tanto_02_mono.wav
  sampling rate             : 44100 Hz
  frame duration            : 46.439909 ms
  median CPPS, all frames   : 10.513059 dB
  voiced frames             : 48/48
  frame-wise CSV            : /mnt/data/Acoustic_Analysis_Results_2026-08-18/02_CPPS/V08after_20240422_tanto_tanto_02_mono_cpps_framewise.csv

Summary CSV: /mnt/data/Acoustic_Analysis_Results_2026-08-18/02_CPPS/cpps_summary.csv
Primary value for each file: median_cpps_all_frames_db
Frame-wise CPPS calculation
---------------------------
Input path : /mnt/data/Acoustic_Analysis_Results_2026-08-18/00_full_2048_frame_wav/V08before_20220420_tanto_tanto_01_mono.wav
Output dir : /mnt/data/Acoustic_Analysis_Results_2026-08-18/02_CPPS
WAV files  : 1
Frame size : 2048 samples
Hop size   : 2048 samples

File: /mnt/data/Acoustic_Analysis_Results_2026-08-18/00_full_2048_frame_wav/V08before_20220420_tanto_tanto_01_mono.wav
  sampling rate             : 44100 Hz
  frame duration            : 46.439909 ms
  median CPPS, all frames   : 12.151653 dB
  voiced frames             : 46/46
  frame-wise CSV            : /mnt/data/Acoustic_Analysis_Results_2026-08-18/02_CPPS/V08before_20220420_tanto_tanto_01_mono_cpps_framewise.csv

Summary CSV: /mnt/data/Acoustic_Analysis_Results_2026-08-18/02_CPPS/cpps_summary.csv
Primary value for each file: median_cpps_all_frames_db
Frame-wise CPPS calculation
---------------------------
Input path : /mnt/data/Acoustic_Analysis_Results_2026-08-18/00_full_2048_frame_wav/V09after_20190508_tanto_tanto_02_mono.wav
Output dir : /mnt/data/Acoustic_Analysis_Results_2026-08-18/02_CPPS
WAV files  : 1
Frame size : 2048 samples
Hop size   : 2048 samples

File: /mnt/data/Acoustic_Analysis_Results_2026-08-18/00_full_2048_frame_wav/V09after_20190508_tanto_tanto_02_mono.wav
  sampling rate             : 44100 Hz
  frame duration            : 46.439909 ms
  median CPPS, all frames   : 11.972471 dB
  voiced frames             : 68/68
  frame-wise CSV            : /mnt/data/Acoustic_Analysis_Results_2026-08-18/02_CPPS/V09after_20190508_tanto_tanto_02_mono_cpps_framewise.csv

Summary CSV: /mnt/data/Acoustic_Analysis_Results_2026-08-18/02_CPPS/cpps_summary.csv
Primary value for each file: median_cpps_all_frames_db
